-- PT_TYPE=gpt GROWPART_RESIZER=auto --
==== before ====
Disk /tmp/test-growpart-fsimage.zAUage/disk.img: 1000 MiB, 1048576000 bytes, 2048000 sectors
Units: sectors of 1 * 512 = 512 bytes
Sector size (logical/physical): 512 bytes / 512 bytes
I/O size (minimum/optimal): 512 bytes / 512 bytes
Disklabel type: gpt
Disk identifier: AF777FE8-C1A9-7540-8777-736068FFEEED

Device                                      Start     End Sectors  Size Type
/tmp/test-growpart-fsimage.zAUage/disk.img1  2048 1023966 1021919  499M Linux filesystem
==== growpart-stderr ===
update-partition set to true
resizing 1 on /tmp/test-growpart-fsimage.zAUage/disk.img using resize_sfdisk_gpt
running[sfd_list][erronly] sfdisk --list --unit=S /tmp/test-growpart-fsimage.zAUage/disk.img
2048000 sectors of 512. total size=1048576000 bytes
running[sfd_dump][erronly] sfdisk --unit=S --dump /tmp/test-growpart-fsimage.zAUage/disk.img
## sfdisk --unit=S --dump /tmp/test-growpart-fsimage.zAUage/disk.img
label: gpt
label-id: AF777FE8-C1A9-7540-8777-736068FFEEED
device: /tmp/test-growpart-fsimage.zAUage/disk.img
unit: sectors
first-lba: 2048
last-lba: 2047966

/tmp/test-growpart-fsimage.zAUage/disk.img1 : start=        2048, size=     1021919, type=0FC63DAF-8483-4772-8E79-3D69D8477DE4, uuid=F2AF88CA-320A-3043-821F-CEAF25BDE22B
padding 33 sectors for gpt secondary header
max_end=2047967 tot=2048000 pt_end=1023967 pt_start=2048 pt_size=1021919
resize of /tmp/test-growpart-fsimage.zAUage/disk.img returned 0.
running[pt_update][] pt_update /tmp/test-growpart-fsimage.zAUage/disk.img 1
==== growpart-stdout ====
CHANGED: partition=1 start=2048 old: size=1021919 end=1023967 new: size=2045919 end=2047967
==== after ====
Disk /tmp/test-growpart-fsimage.zAUage/disk.img: 1000 MiB, 1048576000 bytes, 2048000 sectors
Units: sectors of 1 * 512 = 512 bytes
Sector size (logical/physical): 512 bytes / 512 bytes
I/O size (minimum/optimal): 512 bytes / 512 bytes
Disklabel type: gpt
Disk identifier: AF777FE8-C1A9-7540-8777-736068FFEEED

Device                                      Start     End Sectors  Size Type
/tmp/test-growpart-fsimage.zAUage/disk.img1  2048 2047966 2045919  999M Linux filesystem


-- PT_TYPE=gpt GROWPART_RESIZER=sfdisk --
==== before ====
Disk /tmp/test-growpart-fsimage.16NSza/disk.img: 1000 MiB, 1048576000 bytes, 2048000 sectors
Units: sectors of 1 * 512 = 512 bytes
Sector size (logical/physical): 512 bytes / 512 bytes
I/O size (minimum/optimal): 512 bytes / 512 bytes
Disklabel type: gpt
Disk identifier: 04F837CA-9D09-1848-9BEB-EC6C9C797329

Device                                      Start     End Sectors  Size Type
/tmp/test-growpart-fsimage.16NSza/disk.img1  2048 1023966 1021919  499M Linux filesystem
==== growpart-stderr ===
update-partition set to true
resizing 1 on /tmp/test-growpart-fsimage.16NSza/disk.img using resize_sfdisk_gpt
running[sfd_list][erronly] sfdisk --list --unit=S /tmp/test-growpart-fsimage.16NSza/disk.img
2048000 sectors of 512. total size=1048576000 bytes
running[sfd_dump][erronly] sfdisk --unit=S --dump /tmp/test-growpart-fsimage.16NSza/disk.img
## sfdisk --unit=S --dump /tmp/test-growpart-fsimage.16NSza/disk.img
label: gpt
label-id: 04F837CA-9D09-1848-9BEB-EC6C9C797329
device: /tmp/test-growpart-fsimage.16NSza/disk.img
unit: sectors
first-lba: 2048
last-lba: 2047966

/tmp/test-growpart-fsimage.16NSza/disk.img1 : start=        2048, size=     1021919, type=0FC63DAF-8483-4772-8E79-3D69D8477DE4, uuid=C975419E-0889-C943-83A3-4C20C57A83FF
padding 33 sectors for gpt secondary header
max_end=2047967 tot=2048000 pt_end=1023967 pt_start=2048 pt_size=1021919
resize of /tmp/test-growpart-fsimage.16NSza/disk.img returned 0.
running[pt_update][] pt_update /tmp/test-growpart-fsimage.16NSza/disk.img 1
==== growpart-stdout ====
CHANGED: partition=1 start=2048 old: size=1021919 end=1023967 new: size=2045919 end=2047967
==== after ====
Disk /tmp/test-growpart-fsimage.16NSza/disk.img: 1000 MiB, 1048576000 bytes, 2048000 sectors
Units: sectors of 1 * 512 = 512 bytes
Sector size (logical/physical): 512 bytes / 512 bytes
I/O size (minimum/optimal): 512 bytes / 512 bytes
Disklabel type: gpt
Disk identifier: 04F837CA-9D09-1848-9BEB-EC6C9C797329

Device                                      Start     End Sectors  Size Type
/tmp/test-growpart-fsimage.16NSza/disk.img1  2048 2047966 2045919  999M Linux filesystem


-- PT_TYPE=gpt GROWPART_RESIZER=gdisk --
==== before ====
Disk /tmp/test-growpart-fsimage.SX184J/disk.img: 1000 MiB, 1048576000 bytes, 2048000 sectors
Units: sectors of 1 * 512 = 512 bytes
Sector size (logical/physical): 512 bytes / 512 bytes
I/O size (minimum/optimal): 512 bytes / 512 bytes
Disklabel type: gpt
Disk identifier: D31759CC-E886-7F4B-9CEB-370022773037

Device                                      Start     End Sectors  Size Type
/tmp/test-growpart-fsimage.SX184J/disk.img1  2048 1023966 1021919  499M Linux filesystem
==== growpart-stderr ===
update-partition set to true
unexpected input: 'gdisk'
resizing 1 on /tmp/test-growpart-fsimage.SX184J/disk.img using resize_sfdisk_gpt
running[sfd_list][erronly] sfdisk --list --unit=S /tmp/test-growpart-fsimage.SX184J/disk.img
2048000 sectors of 512. total size=1048576000 bytes
running[sfd_dump][erronly] sfdisk --unit=S --dump /tmp/test-growpart-fsimage.SX184J/disk.img
## sfdisk --unit=S --dump /tmp/test-growpart-fsimage.SX184J/disk.img
label: gpt
label-id: D31759CC-E886-7F4B-9CEB-370022773037
device: /tmp/test-growpart-fsimage.SX184J/disk.img
unit: sectors
first-lba: 2048
last-lba: 2047966

/tmp/test-growpart-fsimage.SX184J/disk.img1 : start=        2048, size=     1021919, type=0FC63DAF-8483-4772-8E79-3D69D8477DE4, uuid=89DAA182-D0CE-5B44-AB0D-5ACE3232ABF5
padding 33 sectors for gpt secondary header
max_end=2047967 tot=2048000 pt_end=1023967 pt_start=2048 pt_size=1021919
resize of /tmp/test-growpart-fsimage.SX184J/disk.img returned 0.
running[pt_update][] pt_update /tmp/test-growpart-fsimage.SX184J/disk.img 1
==== growpart-stdout ====
CHANGED: partition=1 start=2048 old: size=1021919 end=1023967 new: size=2045919 end=2047967
==== after ====
Disk /tmp/test-growpart-fsimage.SX184J/disk.img: 1000 MiB, 1048576000 bytes, 2048000 sectors
Units: sectors of 1 * 512 = 512 bytes
Sector size (logical/physical): 512 bytes / 512 bytes
I/O size (minimum/optimal): 512 bytes / 512 bytes
Disklabel type: gpt
Disk identifier: D31759CC-E886-7F4B-9CEB-370022773037

Device                                      Start     End Sectors  Size Type
/tmp/test-growpart-fsimage.SX184J/disk.img1  2048 2047966 2045919  999M Linux filesystem


-- PT_TYPE=dos GROWPART_RESIZER=auto --
==== before ====
Disk /tmp/test-growpart-fsimage.tvjZrx/disk.img: 1000 MiB, 1048576000 bytes, 2048000 sectors
Units: sectors of 1 * 512 = 512 bytes
Sector size (logical/physical): 512 bytes / 512 bytes
I/O size (minimum/optimal): 512 bytes / 512 bytes
Disklabel type: dos
Disk identifier: 0x245510e6

Device                                      Boot Start     End Sectors  Size Id Type
/tmp/test-growpart-fsimage.tvjZrx/disk.img1       2048 1023999 1021952  499M 83 Linux
==== growpart-stderr ===
update-partition set to true
resizing 1 on /tmp/test-growpart-fsimage.tvjZrx/disk.img using resize_sfdisk_dos
running[sfd_list][erronly] sfdisk --list --unit=S /tmp/test-growpart-fsimage.tvjZrx/disk.img
2048000 sectors of 512. total size=1048576000 bytes
running[sfd_dump][erronly] sfdisk --unit=S --dump /tmp/test-growpart-fsimage.tvjZrx/disk.img
## sfdisk --unit=S --dump /tmp/test-growpart-fsimage.tvjZrx/disk.img
label: dos
label-id: 0x245510e6
device: /tmp/test-growpart-fsimage.tvjZrx/disk.img
unit: sectors

/tmp/test-growpart-fsimage.tvjZrx/disk.img1 : start=        2048, size=     1021952, type=83
padding 33 sectors for gpt secondary header
max_end=2047967 tot=2048000 pt_end=1024000 pt_start=2048 pt_size=1021952
resize of /tmp/test-growpart-fsimage.tvjZrx/disk.img returned 0.
running[pt_update][] pt_update /tmp/test-growpart-fsimage.tvjZrx/disk.img 1
==== growpart-stdout ====
CHANGED: partition=1 start=2048 old: size=1021952 end=1024000 new: size=2045919 end=2047967
==== after ====
Disk /tmp/test-growpart-fsimage.tvjZrx/disk.img: 1000 MiB, 1048576000 bytes, 2048000 sectors
Units: sectors of 1 * 512 = 512 bytes
Sector size (logical/physical): 512 bytes / 512 bytes
I/O size (minimum/optimal): 512 bytes / 512 bytes
Disklabel type: dos
Disk identifier: 0x245510e6

Device                                      Boot Start     End Sectors  Size Id Type
/tmp/test-growpart-fsimage.tvjZrx/disk.img1       2048 2047966 2045919  999M 83 Linux


-- PT_TYPE=dos GROWPART_RESIZER=sfdisk --
==== before ====
Disk /tmp/test-growpart-fsimage.vjRtmG/disk.img: 1000 MiB, 1048576000 bytes, 2048000 sectors
Units: sectors of 1 * 512 = 512 bytes
Sector size (logical/physical): 512 bytes / 512 bytes
I/O size (minimum/optimal): 512 bytes / 512 bytes
Disklabel type: dos
Disk identifier: 0xf716b5a5

Device                                      Boot Start     End Sectors  Size Id Type
/tmp/test-growpart-fsimage.vjRtmG/disk.img1       2048 1023999 1021952  499M 83 Linux
==== growpart-stderr ===
update-partition set to true
resizing 1 on /tmp/test-growpart-fsimage.vjRtmG/disk.img using resize_sfdisk_dos
running[sfd_list][erronly] sfdisk --list --unit=S /tmp/test-growpart-fsimage.vjRtmG/disk.img
2048000 sectors of 512. total size=1048576000 bytes
running[sfd_dump][erronly] sfdisk --unit=S --dump /tmp/test-growpart-fsimage.vjRtmG/disk.img
## sfdisk --unit=S --dump /tmp/test-growpart-fsimage.vjRtmG/disk.img
label: dos
label-id: 0xf716b5a5
device: /tmp/test-growpart-fsimage.vjRtmG/disk.img
unit: sectors

/tmp/test-growpart-fsimage.vjRtmG/disk.img1 : start=        2048, size=     1021952, type=83
padding 33 sectors for gpt secondary header
max_end=2047967 tot=2048000 pt_end=1024000 pt_start=2048 pt_size=1021952
resize of /tmp/test-growpart-fsimage.vjRtmG/disk.img returned 0.
running[pt_update][] pt_update /tmp/test-growpart-fsimage.vjRtmG/disk.img 1
==== growpart-stdout ====
CHANGED: partition=1 start=2048 old: size=1021952 end=1024000 new: size=2045919 end=2047967
==== after ====
Disk /tmp/test-growpart-fsimage.vjRtmG/disk.img: 1000 MiB, 1048576000 bytes, 2048000 sectors
Units: sectors of 1 * 512 = 512 bytes
Sector size (logical/physical): 512 bytes / 512 bytes
I/O size (minimum/optimal): 512 bytes / 512 bytes
Disklabel type: dos
Disk identifier: 0xf716b5a5

Device                                      Boot Start     End Sectors  Size Id Type
/tmp/test-growpart-fsimage.vjRtmG/disk.img1       2048 2047966 2045919  999M 83 Linux


