-- PT_TYPE=gpt GROWPART_RESIZER=auto --
Partitioning gpt orig_size=500M grow_size=1000M.
growpart is /usr/bin/growpart
set up /dev/loop0
mounting to /tmp/test-growpart.RMyOk3/mp
==== before ====
   7        0    1024000 loop0
 259        0     510959 loop0p1
Disk /dev/loop0: 1000 MiB, 1048576000 bytes, 2048000 sectors
Units: sectors of 1 * 512 = 512 bytes
Sector size (logical/physical): 512 bytes / 512 bytes
I/O size (minimum/optimal): 512 bytes / 512 bytes
Disklabel type: gpt
Disk identifier: 859F0968-901F-4D46-92DA-5A0315EB1A31

Device       Start     End Sectors  Size Type
/dev/loop0p1  2048 1023966 1021919  499M Linux filesystem
CHANGED: partition=1 start=2048 old: size=1021919 end=1023967 new: size=2045919 end=2047967
==== after ====
   7        0    1024000 loop0
 259        0    1022959 loop0p1
Filesystem at /dev/loop0p1 is mounted on /tmp/test-growpart.RMyOk3/mp; on-line resizing required
old_desc_blocks = 1, new_desc_blocks = 1
The filesystem on /dev/loop0p1 is now 255739 (4k) blocks long.

== df ==
Filesystem      Size  Used Avail Use% Mounted on
/dev/loop0p1    952M  1.3M  897M   1% /tmp/test-growpart.RMyOk3/mp
unmount /tmp/test-growpart.RMyOk3/mp
clearing parts [1] from /dev/loop0
delpart /dev/loop0 1
losetup --detach /dev/loop0


-- PT_TYPE=gpt GROWPART_RESIZER=sfdisk --
Partitioning gpt orig_size=500M grow_size=1000M.
growpart is /usr/bin/growpart
set up /dev/loop0
mounting to /tmp/test-growpart.nG5RqZ/mp
==== before ====
   7        0    1024000 loop0
 259        0     510959 loop0p1
Disk /dev/loop0: 1000 MiB, 1048576000 bytes, 2048000 sectors
Units: sectors of 1 * 512 = 512 bytes
Sector size (logical/physical): 512 bytes / 512 bytes
I/O size (minimum/optimal): 512 bytes / 512 bytes
Disklabel type: gpt
Disk identifier: 963F43FB-45BC-6249-A3DF-3332B7058251

Device       Start     End Sectors  Size Type
/dev/loop0p1  2048 1023966 1021919  499M Linux filesystem
CHANGED: partition=1 start=2048 old: size=1021919 end=1023967 new: size=2045919 end=2047967
==== after ====
   7        0    1024000 loop0
 259        0    1022959 loop0p1
Filesystem at /dev/loop0p1 is mounted on /tmp/test-growpart.nG5RqZ/mp; on-line resizing required
old_desc_blocks = 1, new_desc_blocks = 1
The filesystem on /dev/loop0p1 is now 255739 (4k) blocks long.

== df ==
Filesystem      Size  Used Avail Use% Mounted on
/dev/loop0p1    952M  1.3M  897M   1% /tmp/test-growpart.nG5RqZ/mp
unmount /tmp/test-growpart.nG5RqZ/mp
clearing parts [1] from /dev/loop0
delpart /dev/loop0 1
losetup --detach /dev/loop0


-- PT_TYPE=gpt GROWPART_RESIZER=gdisk --
Partitioning gpt orig_size=500M grow_size=1000M.
growpart is /usr/bin/growpart
set up /dev/loop0
mounting to /tmp/test-growpart.C3VFJR/mp
==== before ====
   7        0    1024000 loop0
 259        0     510959 loop0p1
Disk /dev/loop0: 1000 MiB, 1048576000 bytes, 2048000 sectors
Units: sectors of 1 * 512 = 512 bytes
Sector size (logical/physical): 512 bytes / 512 bytes
I/O size (minimum/optimal): 512 bytes / 512 bytes
Disklabel type: gpt
Disk identifier: 8B711C75-1A04-F44A-8211-914CA329B69F

Device       Start     End Sectors  Size Type
/dev/loop0p1  2048 1023966 1021919  499M Linux filesystem
CHANGED: partition=1 start=2048 old: size=1021919 end=1023967 new: size=2045919 end=2047967
==== after ====
   7        0    1024000 loop0
 259        0    1022959 loop0p1
Filesystem at /dev/loop0p1 is mounted on /tmp/test-growpart.C3VFJR/mp; on-line resizing required
old_desc_blocks = 1, new_desc_blocks = 1
The filesystem on /dev/loop0p1 is now 255739 (4k) blocks long.

== df ==
Filesystem      Size  Used Avail Use% Mounted on
/dev/loop0p1    952M  1.3M  897M   1% /tmp/test-growpart.C3VFJR/mp
unmount /tmp/test-growpart.C3VFJR/mp
clearing parts [1] from /dev/loop0
delpart /dev/loop0 1
losetup --detach /dev/loop0


-- PT_TYPE=dos GROWPART_RESIZER=auto --
Partitioning dos orig_size=500M grow_size=1000M.
growpart is /usr/bin/growpart
set up /dev/loop0
mounting to /tmp/test-growpart.Hs5tb2/mp
==== before ====
   7        0    1024000 loop0
 259        0     510976 loop0p1
Disk /dev/loop0: 1000 MiB, 1048576000 bytes, 2048000 sectors
Units: sectors of 1 * 512 = 512 bytes
Sector size (logical/physical): 512 bytes / 512 bytes
I/O size (minimum/optimal): 512 bytes / 512 bytes
Disklabel type: dos
Disk identifier: 0x187847f2

Device       Boot Start     End Sectors  Size Id Type
/dev/loop0p1       2048 1023999 1021952  499M 83 Linux
CHANGED: partition=1 start=2048 old: size=1021952 end=1024000 new: size=2045919 end=2047967
==== after ====
   7        0    1024000 loop0
 259        0    1022959 loop0p1
Filesystem at /dev/loop0p1 is mounted on /tmp/test-growpart.Hs5tb2/mp; on-line resizing required
old_desc_blocks = 1, new_desc_blocks = 1
The filesystem on /dev/loop0p1 is now 255739 (4k) blocks long.

== df ==
Filesystem      Size  Used Avail Use% Mounted on
/dev/loop0p1    952M  1.3M  897M   1% /tmp/test-growpart.Hs5tb2/mp
unmount /tmp/test-growpart.Hs5tb2/mp
clearing parts [1] from /dev/loop0
delpart /dev/loop0 1
losetup --detach /dev/loop0


-- PT_TYPE=dos GROWPART_RESIZER=sfdisk --
Partitioning dos orig_size=500M grow_size=1000M.
growpart is /usr/bin/growpart
set up /dev/loop0
mounting to /tmp/test-growpart.QgTEqX/mp
==== before ====
   7        0    1024000 loop0
 259        0     510976 loop0p1
Disk /dev/loop0: 1000 MiB, 1048576000 bytes, 2048000 sectors
Units: sectors of 1 * 512 = 512 bytes
Sector size (logical/physical): 512 bytes / 512 bytes
I/O size (minimum/optimal): 512 bytes / 512 bytes
Disklabel type: dos
Disk identifier: 0x56a52980

Device       Boot Start     End Sectors  Size Id Type
/dev/loop0p1       2048 1023999 1021952  499M 83 Linux
CHANGED: partition=1 start=2048 old: size=1021952 end=1024000 new: size=2045919 end=2047967
==== after ====
   7        0    1024000 loop0
 259        0    1022959 loop0p1
Filesystem at /dev/loop0p1 is mounted on /tmp/test-growpart.QgTEqX/mp; on-line resizing required
old_desc_blocks = 1, new_desc_blocks = 1
The filesystem on /dev/loop0p1 is now 255739 (4k) blocks long.

== df ==
Filesystem      Size  Used Avail Use% Mounted on
/dev/loop0p1    952M  1.3M  897M   1% /tmp/test-growpart.QgTEqX/mp
unmount /tmp/test-growpart.QgTEqX/mp
clearing parts [1] from /dev/loop0
delpart /dev/loop0 1
losetup --detach /dev/loop0


